<?xml version="1.0" encoding="UTF-8"?>
<testsuites>
    <testsuite name=";black-coffee" tests="8" failures="1" skipped="0">
        <properties>
            <property name="URI" value="/Users/mariantowfik/Desktop/Cucumber/features/coffee-machine.feature">
            </property>
        </properties>
<<<<<<< HEAD
        <testcase name="Given that the machine is plugged in" classname=";black-coffee" time="0.000815654">
        </testcase>
        <testcase name="And that the machine has enough ground coffee" classname=";black-coffee" time="0.00050236">
        </testcase>
        <testcase name="And that water is availble" classname=";black-coffee" time="0.000227569">
        </testcase>
        <testcase name="And the machine has enough plastic cups" classname=";black-coffee" time="0.000377184">
        </testcase>
        <testcase name="And the machine dispenses a cup" classname=";black-coffee" time="0.000170276">
        </testcase>
        <testcase name="And the machine dispenses the right amount of black coffee into a brewing pot" classname=";black-coffee" time="0.000154322">
        </testcase>
        <testcase name="And the machine dispenses the right amount of water into a brewing pot" classname=";black-coffee" time="0.000155336">
        </testcase>
        <testcase name="And the machine brews the coffee" classname=";black-coffee" time="0.00022093">
            <failure message="TypeError: myMachine.brewCoffee is not a function">TypeError: myMachine.brewCoffee is not a function
    at createWorld.&lt;anonymous&gt; (/Users/mariantowfik/Desktop/Cucumber/step-definitions/coffee-machine.js:84:15)
    at processTicksAndRejections (internal/process/task_queues.js:75:11)</failure>
        </testcase>
    </testsuite>
    <testsuite name=";espresso" tests="8" failures="0" skipped="3">
        <properties>
            <property name="URI" value="/Users/mariantowfik/Desktop/Cucumber/features/coffee-machine.feature">
            </property>
        </properties>
        <testcase name="Given that the machine is plugged in" classname=";espresso" time="0.000146039">
        </testcase>
        <testcase name="And that the machine has enough ground coffee" classname=";espresso" time="0.000119326">
        </testcase>
        <testcase name="And that water is availble" classname=";espresso" time="0.00010498">
        </testcase>
        <testcase name="And the machine has enough plastic cups" classname=";espresso" time="0.000112603">
        </testcase>
        <testcase name="And the machine dispenses a cup" classname=";espresso" time="0.000277328">
        </testcase>
        <testcase name="And the machine dispenses the right amount of coffee into a brewing pot" classname=";espresso">
            <skipped message="">
            </skipped>
        </testcase>
        <testcase name="And the machine dispenses the right amount of water into a brewing pot" classname=";espresso">
            <skipped message="">
            </skipped>
        </testcase>
        <testcase name="And the machine brews the coffee" classname=";espresso">
            <skipped message="">
            </skipped>
=======
        <testcase name="Given that the machine is plugged in" classname=";black-coffee" time="0.00077325">
        </testcase>
        <testcase name="And that the machine has enough ground coffee" classname=";black-coffee" time="0.000246905">
        </testcase>
        <testcase name="And that water is availble" classname=";black-coffee" time="0.000181792">
        </testcase>
        <testcase name="And the machine has enough plastic cups" classname=";black-coffee" time="0.000177482">
        </testcase>
        <testcase name="And presses a start button" classname=";black-coffee" time="0.001177687">
        </testcase>
        <testcase name="Then the machine dispenses a cup" classname=";black-coffee" time="0.000253889">
        </testcase>
        <testcase name="Then the user recieves a cup of coffee." classname=";black-coffee" time="0.000236151">
        </testcase>
        <testcase name="When the user inserts a 10kr coin" classname=";black-coffee" time="0.000389765">
        </testcase>
        <testcase name="And the machine dispenses the right amount of coffee into a brewing pot" classname=";black-coffee" time="0.000235451">
        </testcase>
        <testcase name="And the machine dispenses the right amount of water into a brewing pot" classname=";black-coffee" time="0.000249058">
        </testcase>
        <testcase name="And the machine brews the coffee" classname=";black-coffee" time="0.000403261">
        </testcase>
        <testcase name="And the machine dispenses the brewed coffee in to the dispensed cup" classname=";black-coffee" time="0.000211884">
>>>>>>> parent of a9fdb09... något nytt, idek what anymore
        </testcase>
    </testsuite>
    <testsuite name=";cappuccino" tests="11" failures="0" skipped="6">
        <properties>
            <property name="URI" value="/Users/mariantowfik/Desktop/Cucumber/features/coffee-machine.feature">
            </property>
        </properties>
<<<<<<< HEAD
        <testcase name="Given that the machine is plugged in" classname=";cappuccino" time="0.000230552">
        </testcase>
        <testcase name="And that the machine has enough ground coffee" classname=";cappuccino" time="0.000103539">
        </testcase>
        <testcase name="And that water is availble" classname=";cappuccino" time="0.000088922">
        </testcase>
        <testcase name="And the machine has enough plastic cups" classname=";cappuccino" time="0.000074018">
        </testcase>
        <testcase name="And the machine dispenses a cup" classname=";cappuccino" time="0.00009612">
        </testcase>
        <testcase name="And the machine dispenses the right amount of coffee into a brewing pot" classname=";cappuccino">
            <skipped message="">
            </skipped>
        </testcase>
        <testcase name="And the machine dispenses the right amount of water into a brewing pot" classname=";cappuccino">
            <skipped message="">
            </skipped>
        </testcase>
        <testcase name="And the machine brews the coffee" classname=";cappuccino">
            <skipped message="">
            </skipped>
        </testcase>
        <testcase name="And the machine heats the water to get the steam to the milk" classname=";cappuccino">
            <skipped message="">
            </skipped>
        </testcase>
        <testcase name="And the machine has steamed the milk" classname=";cappuccino">
            <skipped message="">
            </skipped>
        </testcase>
        <testcase name="And the machine adds the steamed milk on top of the coffee" classname=";cappuccino">
            <skipped message="">
            </skipped>
        </testcase>
    </testsuite>
    <testsuite name=";right-amount-(cash)" tests="10" failures="0" skipped="5">
        <properties>
            <property name="URI" value="/Users/mariantowfik/Desktop/Cucumber/features/coffee-machine.feature">
            </property>
        </properties>
        <testcase name="Given that the machine is plugged in" classname=";right-amount-(cash)" time="0.000126752">
        </testcase>
        <testcase name="And that the machine has enough ground coffee" classname=";right-amount-(cash)" time="0.000081913">
        </testcase>
        <testcase name="And that water is availble" classname=";right-amount-(cash)" time="0.000071069">
        </testcase>
        <testcase name="And the machine has enough plastic cups" classname=";right-amount-(cash)" time="0.000085274">
        </testcase>
        <testcase name="And the machine dispenses a cup" classname=";right-amount-(cash)" time="0.000087531">
        </testcase>
        <testcase name="When the user inserts 10 kr in cash" classname=";right-amount-(cash)">
            <skipped message="">
            </skipped>
        </testcase>
        <testcase name="And chooses the coffee type Black coffee" classname=";right-amount-(cash)">
            <skipped message="">
            </skipped>
        </testcase>
        <testcase name="And presses start" classname=";right-amount-(cash)">
            <skipped message="">
            </skipped>
        </testcase>
        <testcase name="Then the machine should serve a cup of Black coffee" classname=";right-amount-(cash)">
            <skipped message="">
            </skipped>
        </testcase>
        <testcase name="And the user recieves a cup of coffee." classname=";right-amount-(cash)">
            <skipped message="">
            </skipped>
        </testcase>
    </testsuite>
    <testsuite name=";right-amount-(cash)" tests="10" failures="0" skipped="5">
        <properties>
            <property name="URI" value="/Users/mariantowfik/Desktop/Cucumber/features/coffee-machine.feature">
            </property>
        </properties>
        <testcase name="Given that the machine is plugged in" classname=";right-amount-(cash)" time="0.000094816">
        </testcase>
        <testcase name="And that the machine has enough ground coffee" classname=";right-amount-(cash)" time="0.000106336">
        </testcase>
        <testcase name="And that water is availble" classname=";right-amount-(cash)" time="0.00009833">
        </testcase>
        <testcase name="And the machine has enough plastic cups" classname=";right-amount-(cash)" time="0.000104348">
        </testcase>
        <testcase name="And the machine dispenses a cup" classname=";right-amount-(cash)" time="0.000174088">
        </testcase>
        <testcase name="When the user inserts 20 kr in cash" classname=";right-amount-(cash)">
            <skipped message="">
            </skipped>
        </testcase>
        <testcase name="And chooses the coffee type Espresso" classname=";right-amount-(cash)">
            <skipped message="">
            </skipped>
        </testcase>
        <testcase name="And presses start" classname=";right-amount-(cash)">
            <skipped message="">
            </skipped>
        </testcase>
        <testcase name="Then the machine should serve a cup of Espresso" classname=";right-amount-(cash)">
            <skipped message="">
            </skipped>
        </testcase>
        <testcase name="And the user recieves a cup of coffee." classname=";right-amount-(cash)">
            <skipped message="">
            </skipped>
=======
        <testcase name="Given that the machine is plugged in" classname=";espresso" time="0.000161743">
        </testcase>
        <testcase name="And that the machine has enough ground coffee" classname=";espresso" time="0.000122504">
        </testcase>
        <testcase name="And that water is availble" classname=";espresso" time="0.000122082">
        </testcase>
        <testcase name="And the machine has enough plastic cups" classname=";espresso" time="0.000106384">
        </testcase>
        <testcase name="And presses a start button" classname=";espresso" time="0.00010734">
        </testcase>
        <testcase name="Then the machine dispenses a cup" classname=";espresso" time="0.000098548">
        </testcase>
        <testcase name="Then the user recieves a cup of coffee." classname=";espresso" time="0.000161437">
        </testcase>
        <testcase name="When the user inserts 20kr" classname=";espresso" time="0.000583524">
        </testcase>
        <testcase name="And the machine has enough milk" classname=";espresso" time="0.000224876">
        </testcase>
        <testcase name="And the machine dispenses the right amount of grounded coffee beans into a brewing pot" classname=";espresso" time="0.000226862">
        </testcase>
        <testcase name="And the machine dispenses the right amount of steamed milk into a brewing pot" classname=";espresso" time="0.000240652">
        </testcase>
        <testcase name="And the machine brews the coffee" classname=";espresso" time="0.000157459">
        </testcase>
        <testcase name="And the machine dispenses the brewed espresso in to the dispensed cup" classname=";espresso" time="0.000193007">
>>>>>>> parent of a9fdb09... något nytt, idek what anymore
        </testcase>
    </testsuite>
    <testsuite name=";right-amount-(cash)" tests="10" failures="0" skipped="5">
        <properties>
            <property name="URI" value="/Users/mariantowfik/Desktop/Cucumber/features/coffee-machine.feature">
            </property>
        </properties>
<<<<<<< HEAD
        <testcase name="Given that the machine is plugged in" classname=";right-amount-(cash)" time="0.000133621">
        </testcase>
        <testcase name="And that the machine has enough ground coffee" classname=";right-amount-(cash)" time="0.000096639">
        </testcase>
        <testcase name="And that water is availble" classname=";right-amount-(cash)" time="0.000079762">
        </testcase>
        <testcase name="And the machine has enough plastic cups" classname=";right-amount-(cash)" time="0.000082125">
        </testcase>
        <testcase name="And the machine dispenses a cup" classname=";right-amount-(cash)" time="0.0000878">
        </testcase>
        <testcase name="When the user inserts 30 kr in cash" classname=";right-amount-(cash)">
            <skipped message="">
            </skipped>
        </testcase>
        <testcase name="And chooses the coffee type Cappuccino" classname=";right-amount-(cash)">
            <skipped message="">
            </skipped>
        </testcase>
        <testcase name="And presses start" classname=";right-amount-(cash)">
            <skipped message="">
            </skipped>
        </testcase>
        <testcase name="Then the machine should serve a cup of Cappuccino" classname=";right-amount-(cash)">
            <skipped message="">
            </skipped>
        </testcase>
        <testcase name="And the user recieves a cup of coffee." classname=";right-amount-(cash)">
            <skipped message="">
            </skipped>
        </testcase>
    </testsuite>
    <testsuite name=";failed-payment(cash)" tests="10" failures="0" skipped="5">
        <properties>
            <property name="URI" value="/Users/mariantowfik/Desktop/Cucumber/features/coffee-machine.feature">
            </property>
        </properties>
        <testcase name="Given that the machine is plugged in" classname=";failed-payment(cash)" time="0.000091489">
        </testcase>
        <testcase name="And that the machine has enough ground coffee" classname=";failed-payment(cash)" time="0.000113656">
        </testcase>
        <testcase name="And that water is availble" classname=";failed-payment(cash)" time="0.000102785">
        </testcase>
        <testcase name="And the machine has enough plastic cups" classname=";failed-payment(cash)" time="0.000107884">
        </testcase>
        <testcase name="And the machine dispenses a cup" classname=";failed-payment(cash)" time="0.000092164">
        </testcase>
        <testcase name="When the user inserts the9" classname=";failed-payment(cash)">
            <skipped message="">
            </skipped>
        </testcase>
        <testcase name="And chooses the beverage 0" classname=";failed-payment(cash)">
            <skipped message="">
            </skipped>
        </testcase>
        <testcase name="And presses start button" classname=";failed-payment(cash)">
            <skipped message="">
            </skipped>
        </testcase>
        <testcase name="Then the machine should serve the user a cup of 0" classname=";failed-payment(cash)">
            <skipped message="">
            </skipped>
        </testcase>
        <testcase name="And the user recieves the cup of coffee." classname=";failed-payment(cash)">
            <skipped message="">
            </skipped>
        </testcase>
    </testsuite>
    <testsuite name=";failed-payment(cash)" tests="10" failures="0" skipped="5">
        <properties>
            <property name="URI" value="/Users/mariantowfik/Desktop/Cucumber/features/coffee-machine.feature">
            </property>
        </properties>
        <testcase name="Given that the machine is plugged in" classname=";failed-payment(cash)" time="0.000107768">
        </testcase>
        <testcase name="And that the machine has enough ground coffee" classname=";failed-payment(cash)" time="0.000102324">
        </testcase>
        <testcase name="And that water is availble" classname=";failed-payment(cash)" time="0.00008135">
        </testcase>
        <testcase name="And the machine has enough plastic cups" classname=";failed-payment(cash)" time="0.000100507">
        </testcase>
        <testcase name="And the machine dispenses a cup" classname=";failed-payment(cash)" time="0.000080535">
        </testcase>
        <testcase name="When the user inserts the19" classname=";failed-payment(cash)">
            <skipped message="">
            </skipped>
        </testcase>
        <testcase name="And chooses the beverage 0" classname=";failed-payment(cash)">
            <skipped message="">
            </skipped>
        </testcase>
        <testcase name="And presses start button" classname=";failed-payment(cash)">
            <skipped message="">
            </skipped>
        </testcase>
        <testcase name="Then the machine should serve the user a cup of 0" classname=";failed-payment(cash)">
            <skipped message="">
            </skipped>
        </testcase>
        <testcase name="And the user recieves the cup of coffee." classname=";failed-payment(cash)">
            <skipped message="">
            </skipped>
        </testcase>
    </testsuite>
    <testsuite name=";failed-payment(cash)" tests="10" failures="0" skipped="5">
        <properties>
            <property name="URI" value="/Users/mariantowfik/Desktop/Cucumber/features/coffee-machine.feature">
            </property>
        </properties>
        <testcase name="Given that the machine is plugged in" classname=";failed-payment(cash)" time="0.000088286">
        </testcase>
        <testcase name="And that the machine has enough ground coffee" classname=";failed-payment(cash)" time="0.000104242">
        </testcase>
        <testcase name="And that water is availble" classname=";failed-payment(cash)" time="0.000082162">
        </testcase>
        <testcase name="And the machine has enough plastic cups" classname=";failed-payment(cash)" time="0.000103017">
        </testcase>
        <testcase name="And the machine dispenses a cup" classname=";failed-payment(cash)" time="0.000084414">
        </testcase>
        <testcase name="When the user inserts the29" classname=";failed-payment(cash)">
            <skipped message="">
            </skipped>
        </testcase>
        <testcase name="And chooses the beverage 0" classname=";failed-payment(cash)">
            <skipped message="">
            </skipped>
        </testcase>
        <testcase name="And presses start button" classname=";failed-payment(cash)">
            <skipped message="">
            </skipped>
        </testcase>
        <testcase name="Then the machine should serve the user a cup of 0" classname=";failed-payment(cash)">
            <skipped message="">
            </skipped>
        </testcase>
        <testcase name="And the user recieves the cup of coffee." classname=";failed-payment(cash)">
            <skipped message="">
            </skipped>
=======
        <testcase name="Given that the machine is plugged in" classname=";cappuccino" time="0.000148314">
        </testcase>
        <testcase name="And that the machine has enough ground coffee" classname=";cappuccino" time="0.000098517">
        </testcase>
        <testcase name="And that water is availble" classname=";cappuccino" time="0.000123597">
        </testcase>
        <testcase name="And the machine has enough plastic cups" classname=";cappuccino" time="0.000094768">
        </testcase>
        <testcase name="And presses a start button" classname=";cappuccino" time="0.000094757">
        </testcase>
        <testcase name="Then the machine dispenses a cup" classname=";cappuccino" time="0.000089032">
        </testcase>
        <testcase name="Then the user recieves a cup of coffee." classname=";cappuccino" time="0.000080051">
        </testcase>
        <testcase name="When the user inserts 30kr cash" classname=";cappuccino" time="0.000458039">
        </testcase>
        <testcase name="And the machine heats the water to get the steam to the milk" classname=";cappuccino" time="0.000246052">
        </testcase>
        <testcase name="And the machine has steamed the milk" classname=";cappuccino" time="0.00027595">
        </testcase>
        <testcase name="And the machine has dispensed the steamed milk into the cup of coffee" classname=";cappuccino" time="0.000240037">
>>>>>>> parent of a9fdb09... något nytt, idek what anymore
        </testcase>
    </testsuite>
</testsuites>